[backblue.gif]
[fade.gif]
[index.html]
[localhost_3000/img/header-logo.png]
[localhost_3000/icons/1.png]
[maxcdn.bootstrapcdn.com/bootstrap/4.0.0/css/bootstrap.min.css]
[localhost_3000/icons/2.png]
[localhost_3000/icons/3.png]
[localhost_3000/icons/4.png]
[localhost_3000/icons/icon-1.png]
[localhost_3000/icons/icon-5.png]
[localhost_3000/icons/icon-2.png]
[localhost_3000/icons/icon-6.png]
[localhost_3000/icons/icon-3.png]
[localhost_3000/icons/icon-7.png]
[localhost_3000/icons/icon-4.png]
[localhost_3000/browser-sync/browser-sync-clientb9ec.js]
[localhost_3000/icons/icon-8.png]
[localhost_3000/img/hands-box.png]
[localhost_3000/img/tanker.png]
[localhost_3000/img/observer.png]
[localhost_3000/icons/agent.png]
[localhost_3000/icons/lainer.png]
[localhost_3000/icons/train.png]
[localhost_3000/icons/car.png]
[localhost_3000/icons/plaine.png]
[localhost_3000/icons/support.png]
[localhost_3000/icons/managers.png]
[localhost_3000/icons/scheme_1.png]
[localhost_3000/icons/scheme_2.png]
[localhost_3000/icons/scheme_3.png]
[localhost_3000/icons/scheme_4.png]
[localhost_3000/icons/scheme_5.png]
[localhost_3000/icons/scheme_6.png]
[localhost_3000/icons/scheme_7.png]
[localhost_3000/img/Olga.png]
[localhost_3000/img/Sergey.jpg]
[localhost_3000/img/Leonid.jpg]
[localhost_3000/icons/global.png]
[localhost_3000/icons/copyright.png]
[localhost_3000/js/jquery-3.6.0.min.js]
[localhost_3000/js/slick.min.js]
[localhost_3000/js/script.js]
[localhost_3000/index.html]
[maxcdn.bootstrapcdn.com/bootstrap/4.0.0/css/bootstrap.min.css]
[localhost_3000/css/font.css]
[localhost_3000/css/slick.css]
[localhost_3000/img/bg-header.png]
[localhost_3000/img/bg-agent.png]
[localhost_3000/img/bg-town.png]
[localhost_3000/icons/prev_arrow.png]
[localhost_3000/icons/next_arrow.png]
[localhost_3000/img/bg-questions.png]
[localhost_3000/css/style.min.css]
